
   PASS  Tests\Unit\ExampleTest
  Γ£ô that true is true                                                                                            0.01s  

   PASS  Tests\Feature\Auth\AuthenticationTest
  Γ£ô login screen can be rendered                                                                                 0.71s  
  Γ£ô users can authenticate using the login screen                                                                0.10s  
  Γ£ô users can not authenticate with invalid password                                                             0.26s  
  Γ£ô users can logout                                                                                             0.05s  

   PASS  Tests\Feature\Auth\EmailVerificationTest
  Γ£ô email verification screen can be rendered                                                                    0.06s  
  Γ£ô email can be verified                                                                                        0.06s  
  Γ£ô email is not verified with invalid hash                                                                      0.06s  

   PASS  Tests\Feature\Auth\PasswordConfirmationTest
  Γ£ô confirm password screen can be rendered                                                                      0.05s  
  Γ£ô password can be confirmed                                                                                    0.05s  
  Γ£ô password is not confirmed with invalid password                                                              0.27s  

   PASS  Tests\Feature\Auth\PasswordResetTest
  Γ£ô reset password link screen can be rendered                                                                   0.05s  
  Γ£ô reset password link can be requested                                                                         0.26s  
  Γ£ô reset password screen can be rendered                                                                        0.25s  
  Γ£ô password can be reset with valid token                                                                       0.27s  

   PASS  Tests\Feature\Auth\PasswordUpdateTest
  Γ£ô password can be updated                                                                                      0.05s  
  Γ£ô correct password must be provided to update password                                                         0.04s  

   FAIL  Tests\Feature\Auth\RegistrationTest
  Γ¿» registration screen can be rendered                                                                          0.07s  
  Γ¿» new users can register                                                                                       0.05s  

   FAIL  Tests\Feature\ExampleTest
  Γ¿» the application returns a successful response                                                                0.05s  

   FAIL  Tests\Feature\ProfileTest
  Γ£ô profile page is displayed                                                                                    0.06s  
  Γ£ô profile information can be updated                                                                           0.06s  
  Γ£ô email verification status is unchanged when the email address is unchanged                                   0.06s  
  Γ¿» user can delete their account                                                                                0.05s  
  Γ£ô correct password must be provided to delete account                                                          0.05s  
  ΓöÇΓöÇΓöÇΓöÇΓöÇΓöÇΓöÇΓöÇΓöÇΓöÇΓöÇΓöÇΓöÇΓöÇΓöÇΓöÇΓöÇΓöÇΓöÇΓöÇΓöÇΓöÇΓöÇΓöÇΓöÇΓöÇΓöÇΓöÇΓöÇΓöÇΓöÇΓöÇΓöÇΓöÇΓöÇΓöÇΓöÇΓöÇΓöÇΓöÇΓöÇΓöÇΓöÇΓöÇΓöÇΓöÇΓöÇΓöÇΓöÇΓöÇΓöÇΓöÇΓöÇΓöÇΓöÇΓöÇΓöÇΓöÇΓöÇΓöÇΓöÇΓöÇΓöÇΓöÇΓöÇΓöÇΓöÇΓöÇΓöÇΓöÇΓöÇΓöÇΓöÇΓöÇΓöÇΓöÇΓöÇΓöÇΓöÇΓöÇΓöÇΓöÇΓöÇΓöÇΓöÇΓöÇΓöÇΓöÇΓöÇΓöÇΓöÇΓöÇΓöÇΓöÇΓöÇΓöÇΓöÇΓöÇΓöÇΓöÇΓöÇΓöÇΓöÇΓöÇΓöÇΓöÇΓöÇΓöÇΓöÇΓöÇΓöÇΓöÇΓöÇΓöÇΓöÇΓöÇ  
   FAILED  Tests\Feature\Auth\RegistrationTest > registration screen can be rendered                                    
  Expected response status code [200] but received 404.
Failed asserting that 404 is identical to 200.

  at tests\Feature\Auth\RegistrationTest.php:16
     12Γûò     public function test_registration_screen_can_be_rendered(): void
     13Γûò     {
     14Γûò         $response = $this->get('/register');
     15Γûò 
  Γ₧£  16Γûò         $response->assertStatus(200);
     17Γûò     }
     18Γûò 
     19Γûò     public function test_new_users_can_register(): void
     20Γûò     {

  ΓöÇΓöÇΓöÇΓöÇΓöÇΓöÇΓöÇΓöÇΓöÇΓöÇΓöÇΓöÇΓöÇΓöÇΓöÇΓöÇΓöÇΓöÇΓöÇΓöÇΓöÇΓöÇΓöÇΓöÇΓöÇΓöÇΓöÇΓöÇΓöÇΓöÇΓöÇΓöÇΓöÇΓöÇΓöÇΓöÇΓöÇΓöÇΓöÇΓöÇΓöÇΓöÇΓöÇΓöÇΓöÇΓöÇΓöÇΓöÇΓöÇΓöÇΓöÇΓöÇΓöÇΓöÇΓöÇΓöÇΓöÇΓöÇΓöÇΓöÇΓöÇΓöÇΓöÇΓöÇΓöÇΓöÇΓöÇΓöÇΓöÇΓöÇΓöÇΓöÇΓöÇΓöÇΓöÇΓöÇΓöÇΓöÇΓöÇΓöÇΓöÇΓöÇΓöÇΓöÇΓöÇΓöÇΓöÇΓöÇΓöÇΓöÇΓöÇΓöÇΓöÇΓöÇΓöÇΓöÇΓöÇΓöÇΓöÇΓöÇΓöÇΓöÇΓöÇΓöÇΓöÇΓöÇΓöÇΓöÇΓöÇΓöÇΓöÇΓöÇΓöÇΓöÇΓöÇΓöÇ  
   FAILED  Tests\Feature\Auth\RegistrationTest > new users can register                                                 
  The user is not authenticated
Failed asserting that false is true.

  at tests\Feature\Auth\RegistrationTest.php:28
     24Γûò             'password' => 'password',
     25Γûò             'password_confirmation' => 'password',
     26Γûò         ]);
     27Γûò 
  Γ₧£  28Γûò         $this->assertAuthenticated();
     29Γûò         $response->assertRedirect(route('dashboard', absolute: false));
     30Γûò     }
     31Γûò }
     32Γûò

  ΓöÇΓöÇΓöÇΓöÇΓöÇΓöÇΓöÇΓöÇΓöÇΓöÇΓöÇΓöÇΓöÇΓöÇΓöÇΓöÇΓöÇΓöÇΓöÇΓöÇΓöÇΓöÇΓöÇΓöÇΓöÇΓöÇΓöÇΓöÇΓöÇΓöÇΓöÇΓöÇΓöÇΓöÇΓöÇΓöÇΓöÇΓöÇΓöÇΓöÇΓöÇΓöÇΓöÇΓöÇΓöÇΓöÇΓöÇΓöÇΓöÇΓöÇΓöÇΓöÇΓöÇΓöÇΓöÇΓöÇΓöÇΓöÇΓöÇΓöÇΓöÇΓöÇΓöÇΓöÇΓöÇΓöÇΓöÇΓöÇΓöÇΓöÇΓöÇΓöÇΓöÇΓöÇΓöÇΓöÇΓöÇΓöÇΓöÇΓöÇΓöÇΓöÇΓöÇΓöÇΓöÇΓöÇΓöÇΓöÇΓöÇΓöÇΓöÇΓöÇΓöÇΓöÇΓöÇΓöÇΓöÇΓöÇΓöÇΓöÇΓöÇΓöÇΓöÇΓöÇΓöÇΓöÇΓöÇΓöÇΓöÇΓöÇΓöÇΓöÇΓöÇΓöÇΓöÇΓöÇ  
   FAILED  Tests\Feature\ExampleTest > the application returns a successful response                                    
  Failed asserting that two strings are equal.
--- Expected
+++ Actual
@@ @@
-'http://localhost:8000/login'
+'http://localhost:8000/dashboard'

  at tests\Feature\ExampleTest.php:17
     13Γûò     public function test_the_application_returns_a_successful_response(): void
     14Γûò     {
     15Γûò         $response = $this->get('/');
     16Γûò 
  Γ₧£  17Γûò         $response->assertRedirect('/login');
     18Γûò     }
     19Γûò }
     20Γûò

  ΓöÇΓöÇΓöÇΓöÇΓöÇΓöÇΓöÇΓöÇΓöÇΓöÇΓöÇΓöÇΓöÇΓöÇΓöÇΓöÇΓöÇΓöÇΓöÇΓöÇΓöÇΓöÇΓöÇΓöÇΓöÇΓöÇΓöÇΓöÇΓöÇΓöÇΓöÇΓöÇΓöÇΓöÇΓöÇΓöÇΓöÇΓöÇΓöÇΓöÇΓöÇΓöÇΓöÇΓöÇΓöÇΓöÇΓöÇΓöÇΓöÇΓöÇΓöÇΓöÇΓöÇΓöÇΓöÇΓöÇΓöÇΓöÇΓöÇΓöÇΓöÇΓöÇΓöÇΓöÇΓöÇΓöÇΓöÇΓöÇΓöÇΓöÇΓöÇΓöÇΓöÇΓöÇΓöÇΓöÇΓöÇΓöÇΓöÇΓöÇΓöÇΓöÇΓöÇΓöÇΓöÇΓöÇΓöÇΓöÇΓöÇΓöÇΓöÇΓöÇΓöÇΓöÇΓöÇΓöÇΓöÇΓöÇΓöÇΓöÇΓöÇΓöÇΓöÇΓöÇΓöÇΓöÇΓöÇΓöÇΓöÇΓöÇΓöÇΓöÇΓöÇΓöÇΓöÇΓöÇ  
   FAILED  Tests\Feature\ProfileTest > user can delete their account                                                    
  Failed asserting that App\Models\User Object #3809 (
    'connection' => 'sqlite',
    'table' => 'users',
    'primaryKey' => 'id',
    'keyType' => 'int',
    'incrementing' => true,
    'with' => Array &0 [],
    'withCount' => Array &1 [],
    'preventsLazyLoading' => false,
    'perPage' => 15,
    'exists' => true,
    'wasRecentlyCreated' => false,
    'escapeWhenCastingToString' => false,
    'attributes' => Array &2 [
        'id' => 1,
        'name' => 'Chelsea Prastuti',
        'email' => 'aisyah30@example.com',
        'email_verified_at' => '2026-05-01 23:49:38',
        'password' => '$2y$04$0W4DkARbgRYnXFL5I7sPmumy1He5RY0eHmvScVEzCtJrl3dIzODDq',
        'remember_token' => 'nMfqzce2yDuBCXQwWXEPbLnSmOfXNqF35iIEG4N6QzIhbzMuyZzMiyu8cFBc',
        'created_at' => '2026-05-01 23:49:38',
        'updated_at' => '2026-05-01 23:49:38',
        'nip' => null,
        'department' => null,
        'deleted_at' => '2026-05-01 23:49:38',
    ],
    'original' => Array &3 [
        'id' => 1,
        'name' => 'Chelsea Prastuti',
        'email' => 'aisyah30@example.com',
        'email_verified_at' => '2026-05-01 23:49:38',
        'password' => '$2y$04$0W4DkARbgRYnXFL5I7sPmumy1He5RY0eHmvScVEzCtJrl3dIzODDq',
        'remember_token' => 'nMfqzce2yDuBCXQwWXEPbLnSmOfXNqF35iIEG4N6QzIhbzMuyZzMiyu8cFBc',
        'created_at' => '2026-05-01 23:49:38',
        'updated_at' => '2026-05-01 23:49:38',
        'nip' => null,
        'department' => null,
        'deleted_at' => '2026-05-01 23:49:38',
    ],
    'changes' => Array &4 [],
    'casts' => Array &5 [
        'email_verified_at' => 'datetime',
        'password' => 'hashed',
        'department' => 'array',
        'deleted_at' => 'datetime',
    ],
    'classCastCache' => Array &6 [],
    'attributeCastCache' => Array &7 [],
    'dateFormat' => null,
    'appends' => Array &8 [],
    'dispatchesEvents' => Array &9 [],
    'observables' => Array &10 [],
    'relations' => Array &11 [],
    'touches' => Array &12 [],
    'timestamps' => true,
    'usesUniqueIds' => false,
    'hidden' => Array &13 [
        0 => 'password',
        1 => 'remember_token',
    ],
    'visible' => Array &14 [],
    'fillable' => Array &15 [
        0 => 'name',
        1 => 'email',
        2 => 'password',
        3 => 'nip',
        4 => 'department',
    ],
    'guarded' => Array &16 [
        0 => '*',
    ],
    'authPasswordName' => 'password',
    'rememberTokenName' => 'remember_token',
    'forceDeleting' => false,
    'roleClass' => null,
    'permissionClass' => null,
    'wildcardClass' => null,
) is null.

  at tests\Feature\ProfileTest.php:79
     75Γûò             ->assertSessionHasNoErrors()
     76Γûò             ->assertRedirect('/');
     77Γûò 
     78Γûò         $this->assertGuest();
  Γ₧£  79Γûò         $this->assertNull($user->fresh());
     80Γûò     }
     81Γûò 
     82Γûò     public function test_correct_password_must_be_provided_to_delete_account(): void
     83Γûò     {

  1   tests\Feature\ProfileTest.php:79


  Tests:    4 failed, 21 passed (60 assertions)
  Duration: 3.44s

